The USNO-A2.0 Catalogue (Monet+ 1998) 1
http://vizier.u-strasbg.fr/viz-bin/conesearch/I/252/out?
W22
./results/ac/9c/265b875e219ef4a2f5fe540be28f/vo.xml:15:0: W22: The DEFINITIONS element is deprecated in VOTable 1.1.  Ignoring
./results/ac/9c/265b875e219ef4a2f5fe540be28f/vo.xml:15:0: W22: The DEFINITIONS element is deprecated in VOTable 1.1.  Ignoring
